
> Configure project :
Architect Plugin: 3.4.162
Architectury Loom: 1.13.467
This version of Architectury Loom is in beta! Please report any issues you encounter: https://github.com/architectury/architectury-loom/issues

> Configure project :common
The mixin annotation is no longer enabled by default, you should remove any loom.mixin configuration. If you wish to continue to use the mixin AP you can set useLegacyMixinAp = true.

> Task :neoforge:clean
> Task :fabric:clean
> Task :forge:clean
> Task :clean
> Task :common:clean
> Task :compileJava NO-SOURCE
> Task :processResources NO-SOURCE
> Task :classes UP-TO-DATE
> Task :common:exportClasspath
> Task :fabric:exportClasspath
> Task :neoforge:exportClasspath
> Task :forge:exportClasspath
> Task :jar
> Task :sourcesJar
> Task :assemble
> Task :compileTestJava NO-SOURCE
> Task :processTestResources NO-SOURCE
> Task :testClasses UP-TO-DATE
> Task :test NO-SOURCE
> Task :check UP-TO-DATE
> Task :build
> Task :neoforge:processResources
> Task :fabric:processResources
> Task :neoforge:processIncludeJars
> Task :fabric:processIncludeJars
> Task :neoforge:processTestResources NO-SOURCE
> Task :fabric:processTestResources NO-SOURCE
> Task :forge:processResources
> Task :forge:processIncludeJars
> Task :forge:processTestResources NO-SOURCE
> Task :neoforge:validateAccessWidener
> Task :fabric:validateAccessWidener
> Task :forge:validateAccessWidener
> Task :common:compileJava
> Task :common:processResources
> Task :common:classes
> Task :common:jar
> Task :common:processIncludeJars
> Task :common:sourcesJar
> Task :common:compileTestJava NO-SOURCE
> Task :common:processTestResources NO-SOURCE
> Task :common:testClasses UP-TO-DATE
> Task :common:test NO-SOURCE
> Task :common:remapSourcesJar
> Task :common:validateAccessWidener
> Task :common:check
Cannot remap getTextureLocation because it does not exists in any of the targets [net/minecraft/client/renderer/entity/LivingEntityRenderer]

> Task :fabric:compileJava FAILED
/home/strasburg/Documents/IntelliJ Projects/VisualHealth/fabric/src/main/java/win/demistorm/visual_health/fabric/PlatformImpl.java:8: error: cannot find symbol
import win.demistorm.visual_health.PlatformHolder;
                                  ^
  symbol:   class PlatformHolder
  location: package win.demistorm.visual_health
/home/strasburg/Documents/IntelliJ Projects/VisualHealth/fabric/src/main/java/win/demistorm/visual_health/fabric/PlatformImpl.java:18: error: cannot find symbol
        PlatformHolder.setPlatform(INSTANCE);
        ^
  symbol:   variable PlatformHolder
  location: class PlatformImpl
/home/strasburg/Documents/IntelliJ Projects/VisualHealth/fabric/src/main/java/win/demistorm/visual_health/fabric/PlatformImpl.java:26: error: cannot find symbol
            ClientPlayNetworking.send(new BufferPacket(packet));
                                          ^
  symbol:   class BufferPacket
  location: class PlatformImpl
/home/strasburg/Documents/IntelliJ Projects/VisualHealth/fabric/src/main/java/win/demistorm/visual_health/fabric/PlatformImpl.java:37: error: cannot find symbol
            ServerPlayNetworking.send(player, new BufferPacket(packet));
                                                  ^
  symbol:   class BufferPacket
  location: class PlatformImpl
4 errors

> Task :collectProductionJars NO-SOURCE

> Task :forge:compileJava FAILED
/home/strasburg/Documents/IntelliJ Projects/VisualHealth/forge/src/main/java/win/demistorm/visual_health/forge/PlatformImpl.java:8: error: cannot find symbol
import win.demistorm.visual_health.PlatformHolder;
                                  ^
  symbol:   class PlatformHolder
  location: package win.demistorm.visual_health
/home/strasburg/Documents/IntelliJ Projects/VisualHealth/forge/src/main/java/win/demistorm/visual_health/forge/PlatformImpl.java:9: error: package win.demistorm.visual_health.network does not exist
import win.demistorm.visual_health.network.Network;
                                          ^
/home/strasburg/Documents/IntelliJ Projects/VisualHealth/forge/src/main/java/win/demistorm/visual_health/forge/PlatformImpl.java:23: error: cannot find symbol
        PlatformHolder.setPlatform(INSTANCE);
        ^
  symbol:   variable PlatformHolder
  location: class PlatformImpl
/home/strasburg/Documents/IntelliJ Projects/VisualHealth/forge/src/main/java/win/demistorm/visual_health/forge/PlatformImpl.java:44: error: package Network does not exist
        Network.INSTANCE.handlePacket(sender, registryBuf);
               ^
4 errors

> Task :neoforge:compileJava FAILED
/home/strasburg/Documents/IntelliJ Projects/VisualHealth/neoforge/src/main/java/win/demistorm/visual_health/neoforge/PlatformImpl.java:8: error: cannot find symbol
import win.demistorm.visual_health.PlatformHolder;
                                  ^
  symbol:   class PlatformHolder
  location: package win.demistorm.visual_health
/home/strasburg/Documents/IntelliJ Projects/VisualHealth/neoforge/src/main/java/win/demistorm/visual_health/neoforge/PlatformImpl.java:9: error: package win.demistorm.visual_health.network does not exist
import win.demistorm.visual_health.network.Network;
                                          ^
/home/strasburg/Documents/IntelliJ Projects/VisualHealth/neoforge/src/main/java/win/demistorm/visual_health/neoforge/BufferPacket.java:8: error: cannot find symbol
import win.demistorm.visual_health.VRSwingSprint;
                                  ^
  symbol:   class VRSwingSprint
  location: package win.demistorm.visual_health
/home/strasburg/Documents/IntelliJ Projects/VisualHealth/neoforge/src/main/java/win/demistorm/visual_health/neoforge/PlatformImpl.java:19: error: cannot find symbol
        PlatformHolder.setPlatform(INSTANCE);
        ^
  symbol:   variable PlatformHolder
  location: class PlatformImpl
/home/strasburg/Documents/IntelliJ Projects/VisualHealth/neoforge/src/main/java/win/demistorm/visual_health/neoforge/PlatformImpl.java:37: error: package Network does not exist
        Network.INSTANCE.handlePacket(player, buffer);
               ^
/home/strasburg/Documents/IntelliJ Projects/VisualHealth/neoforge/src/main/java/win/demistorm/visual_health/neoforge/BufferPacket.java:14: error: cannot find symbol
        new CustomPacketPayload.Type<>(Identifier.fromNamespaceAndPath(VRSwingSprint.MOD_ID, "buffer_packet"));
                                                                       ^
  symbol:   variable VRSwingSprint
  location: class BufferPacket
6 errors

> Task :common:transformProductionFabric
[Architectury Transformer] Transformed jar with 5 transformer(s) in 74.19 ms

> Task :common:remapJar

[Incubating] Problems report is available at: file:///home/strasburg/Documents/IntelliJ%20Projects/VisualHealth/build/reports/problems/problems-report.html

FAILURE: Build completed with 3 failures.

1: Task failed with an exception.
-----------
* What went wrong:
Execution failed for task ':fabric:compileJava'.
> Compilation failed; see the compiler output below.
  /home/strasburg/Documents/IntelliJ Projects/VisualHealth/fabric/src/main/java/win/demistorm/visual_health/fabric/PlatformImpl.java:8: error: cannot find symbol
  import win.demistorm.visual_health.PlatformHolder;
                                    ^
    symbol:   class PlatformHolder
    location: package win.demistorm.visual_health
  /home/strasburg/Documents/IntelliJ Projects/VisualHealth/fabric/src/main/java/win/demistorm/visual_health/fabric/PlatformImpl.java:18: error: cannot find symbol
          PlatformHolder.setPlatform(INSTANCE);
          ^
    symbol:   variable PlatformHolder
    location: class PlatformImpl
  /home/strasburg/Documents/IntelliJ Projects/VisualHealth/fabric/src/main/java/win/demistorm/visual_health/fabric/PlatformImpl.java:26: error: cannot find symbol
              ClientPlayNetworking.send(new BufferPacket(packet));
                                            ^
    symbol:   class BufferPacket
    location: class PlatformImpl
  /home/strasburg/Documents/IntelliJ Projects/VisualHealth/fabric/src/main/java/win/demistorm/visual_health/fabric/PlatformImpl.java:37: error: cannot find symbol
              ServerPlayNetworking.send(player, new BufferPacket(packet));
                                                    ^
    symbol:   class BufferPacket
    location: class PlatformImpl
  4 errors

* Try:
> Check your code and dependencies to fix the compilation error(s)
> Run with --scan to get full insights.
==============================================================================

2: Task failed with an exception.
-----------
* What went wrong:
Execution failed for task ':forge:compileJava'.
> Compilation failed; see the compiler output below.
  /home/strasburg/Documents/IntelliJ Projects/VisualHealth/forge/src/main/java/win/demistorm/visual_health/forge/PlatformImpl.java:8: error: cannot find symbol
  import win.demistorm.visual_health.PlatformHolder;
                                    ^
    symbol:   class PlatformHolder
    location: package win.demistorm.visual_health
  /home/strasburg/Documents/IntelliJ Projects/VisualHealth/forge/src/main/java/win/demistorm/visual_health/forge/PlatformImpl.java:9: error: package win.demistorm.visual_health.network does not exist
  import win.demistorm.visual_health.network.Network;
                                            ^
  /home/strasburg/Documents/IntelliJ Projects/VisualHealth/forge/src/main/java/win/demistorm/visual_health/forge/PlatformImpl.java:23: error: cannot find symbol
          PlatformHolder.setPlatform(INSTANCE);
          ^
    symbol:   variable PlatformHolder
    location: class PlatformImpl
  /home/strasburg/Documents/IntelliJ Projects/VisualHealth/forge/src/main/java/win/demistorm/visual_health/forge/PlatformImpl.java:44: error: package Network does not exist
          Network.INSTANCE.handlePacket(sender, registryBuf);
                 ^
  4 errors

* Try:
> Check your code and dependencies to fix the compilation error(s)
> Run with --scan to get full insights.
==============================================================================

3: Task failed with an exception.
-----------
* What went wrong:
Execution failed for task ':neoforge:compileJava'.
> Compilation failed; see the compiler output below.
  /home/strasburg/Documents/IntelliJ Projects/VisualHealth/neoforge/src/main/java/win/demistorm/visual_health/neoforge/PlatformImpl.java:8: error: cannot find symbol
  import win.demistorm.visual_health.PlatformHolder;
                                    ^
    symbol:   class PlatformHolder
    location: package win.demistorm.visual_health
  /home/strasburg/Documents/IntelliJ Projects/VisualHealth/neoforge/src/main/java/win/demistorm/visual_health/neoforge/PlatformImpl.java:9: error: package win.demistorm.visual_health.network does not exist
  import win.demistorm.visual_health.network.Network;
                                            ^
  /home/strasburg/Documents/IntelliJ Projects/VisualHealth/neoforge/src/main/java/win/demistorm/visual_health/neoforge/BufferPacket.java:8: error: cannot find symbol
  import win.demistorm.visual_health.VRSwingSprint;
                                    ^
    symbol:   class VRSwingSprint
    location: package win.demistorm.visual_health
  /home/strasburg/Documents/IntelliJ Projects/VisualHealth/neoforge/src/main/java/win/demistorm/visual_health/neoforge/PlatformImpl.java:19: error: cannot find symbol
          PlatformHolder.setPlatform(INSTANCE);
          ^
    symbol:   variable PlatformHolder
    location: class PlatformImpl
  /home/strasburg/Documents/IntelliJ Projects/VisualHealth/neoforge/src/main/java/win/demistorm/visual_health/neoforge/PlatformImpl.java:37: error: package Network does not exist
          Network.INSTANCE.handlePacket(player, buffer);
                 ^
  /home/strasburg/Documents/IntelliJ Projects/VisualHealth/neoforge/src/main/java/win/demistorm/visual_health/neoforge/BufferPacket.java:14: error: cannot find symbol
          new CustomPacketPayload.Type<>(Identifier.fromNamespaceAndPath(VRSwingSprint.MOD_ID, "buffer_packet"));
                                                                         ^
    symbol:   variable VRSwingSprint
    location: class BufferPacket
  6 errors

* Try:
> Check your code and dependencies to fix the compilation error(s)
> Run with --scan to get full insights.
==============================================================================

Deprecated Gradle features were used in this build, making it incompatible with Gradle 9.0.

You can use '--warning-mode all' to show the individual deprecation warnings and determine if they come from your own scripts or plugins.

For more on this, please refer to https://docs.gradle.org/8.12.1/userguide/command_line_interface.html#sec:command_line_warnings in the Gradle documentation.

BUILD FAILED in 6s
32 actionable tasks: 32 executed
